SQL> CREATE TABLE TITULACION
  2  (T CHAR(4) NOT NULL,
  3  FAC VARCHAR2(50)FASFASFSDFASF;
FAC VARCHAR2(50)FASFASFSDFASF
                *
ERROR at line 3:
ORA-00907: missing right parenthesis 


SQL> CREATE TABLE TITULACION
  2  (T CHAR(4) PRIMARY KEY,
  3  FAC VARCHAR2(50);
FAC VARCHAR2(50)
               *
ERROR at line 3:
ORA-00907: missing right parenthesis 


SQL> CREATE TABLE TITULACION
  2  (T CHAR(4) PRIMARY KEY,
  3  FAC VARCHAR2(50));

Table created.

SQL> INSERT INTO TITULACION VALUES(SELECT DISTINCT T FROM ASIGNATURA,NULL);
INSERT INTO TITULACION VALUES(SELECT DISTINCT T FROM ASIGNATURA,NULL)
                              *
ERROR at line 1:
ORA-00936: missing expression 


SQL> INSERT INTO TITULACION( T)
  2  SELECT DISTINCT T FROM ASIGNATURA;

4 rows created.

SQL> SELECT * FROM TITULACION;

T    FAC                                                                        
---- --------------------------------------------------                         
GF                                                                              
GM                                                                              
GII                                                                             
MII                                                                             

SQL> UPDATE TITULACION
  2  SET FAC=&FACULTAD
  3  WHERE T=&TITULACION;
Enter value for facultad: ETSII
old   2: SET FAC=&FACULTAD
new   2: SET FAC=ETSII
Enter value for titulacion: FAS
old   3: WHERE T=&TITULACION
new   3: WHERE T=FAS
WHERE T=FAS
        *
ERROR at line 3:
ORA-00904: "FAS": invalid identifier 


SQL> UPDATE TITULACION
  2  SET FAC=&FACULTAD
  3  WHERE T=&TITULACION;
Enter value for facultad: 'ETSII'
old   2: SET FAC=&FACULTAD
new   2: SET FAC='ETSII'
Enter value for titulacion: 'GM'
old   3: WHERE T=&TITULACION
new   3: WHERE T='GM'

1 row updated.

SQL> UPDATE TITULACION
  2  SET FAC=&FACULTAD
  3  WHERE T=&TITULACION;
Enter value for facultad: MYF
old   2: SET FAC=&FACULTAD
new   2: SET FAC=MYF
Enter value for titulacion: FE
old   3: WHERE T=&TITULACION
new   3: WHERE T=FE
WHERE T=FE
        *
ERROR at line 3:
ORA-00904: "FE": invalid identifier 


SQL> UPDATE TITULACION
  2  SET FAC=&FACULTAD
  3  WHERE T=&TITULACION;
Enter value for facultad: 'MYF'
old   2: SET FAC=&FACULTAD
new   2: SET FAC='MYF'
Enter value for titulacion: 'GF'
old   3: WHERE T=&TITULACION
new   3: WHERE T='GF'

1 row updated.

SQL> UPDATE TITULACION
  2  SET FAC=&FACULTAD
  3  WHERE T=&TITULACION;
Enter value for facultad: 'MYF'
old   2: SET FAC=&FACULTAD
new   2: SET FAC='MYF'
Enter value for titulacion: 'GM'
old   3: WHERE T=&TITULACION
new   3: WHERE T='GM'

1 row updated.

SQL> SELECT * FROM TITULACION;

T    FAC                                                                        
---- --------------------------------------------------                         
GF   MYF                                                                        
GM   MYF                                                                        
GII                                                                             
MII                                                                             

SQL> SET FAC=&FACULTAD
Enter value for facultad: FAFA
SP2-0158: unknown SET option "FAC=FAFA"
SQL> UPDATE TITULACION
  2  SET FAC=&FACULTAD
  3  WHERE T=&TITULACION;
Enter value for facultad: 'ETSII'
old   2: SET FAC=&FACULTAD
new   2: SET FAC='ETSII'
Enter value for titulacion: 'GII'
old   3: WHERE T=&TITULACION
new   3: WHERE T='GII'

1 row updated.

SQL> UPDATE TITULACION
  2  SET FAC=&FACULTAD
  3  WHERE T=&TITULACION;
Enter value for facultad: 'ETSII'
old   2: SET FAC=&FACULTAD
new   2: SET FAC='ETSII'
Enter value for titulacion: 'MII'
old   3: WHERE T=&TITULACION
new   3: WHERE T='MII'

1 row updated.

SQL> SELECT * FROM TITULACION;

T    FAC                                                                        
---- --------------------------------------------------                         
GF   MYF                                                                        
GM   MYF                                                                        
GII  ETSII                                                                      
MII  ETSII                                                                      

SQL> CREATE SYNONYM TIT FOR TITULACION;

Synonym created.

SQL> SELECT * FROM TIT;

T    FAC                                                                        
---- --------------------------------------------------                         
GF   MYF                                                                        
GM   MYF                                                                        
GII  ETSII                                                                      
MII  ETSII                                                                      

SQL> ALTER TABLE ASIGNATURA
  2  CONSTRAINT T_CASCADA;
CONSTRAINT T_CASCADA
*
ERROR at line 2:
ORA-01735: invalid ALTER TABLE option 


SQL> ALTER TABLE ASIGNATURA
  2  ADD T REFERENCES TITULACION ON DELETE CASCADE;
ADD T REFERENCES TITULACION ON DELETE CASCADE
    *
ERROR at line 2:
ORA-01430: column being added already exists in table 


SQL> ALTER TABLE ASIGNATURA
  2  ADD CONSTRAINT T_CASCADA FOREIGN KEY(T) REFERENCES TITULACION ON DELETE CASCADE;

Table altered.

SQL> ALTER TABLE TITULACION
  2  MODIFY (T CHAR(6);
MODIFY (T CHAR(6)
                *
ERROR at line 2:
ORA-00907: missing right parenthesis 


SQL> ALTER TABLE TITULACION
  2  MODIFY (T CHAR(6));
ALTER TABLE TITULACION
*
ERROR at line 1:
ORA-02292: integrity constraint (ALU0100886764.T_CASCADA) violated - child 
record found 


SQL> EXIT
SQL> ALTER TABLE TITULACION
  2  MODIFY (T CHAR(6) PRIMARY KEY);
ALTER TABLE TITULACION
*
ERROR at line 1:
ORA-02292: integrity constraint (ALU0100886764.T_CASCADA) violated - child 
record found 


SQL> CREATE VIEW VISTA1 AS SELECT CAS, A, T, CUR, CAR
  2  FROM ASIGNATURA;

View created.

SQL> SELECT *
  2  FROM VISTA1;

       CAS A                                                  T           CUR   
---------- -------------------------------------------------- ---- ----------   
       CAR                                                                      
----------                                                                      
         1 BASES DE DATOS                                     GII           3   
         7                                                                      
                                                                                
         2 INTELIGENCIA ARTIFICIAL                            GII           3   
         4                                                                      
                                                                                
         3 ALMACENES DE DATOS                                 MII           1   
         7                                                                      
                                                                                

       CAS A                                                  T           CUR   
---------- -------------------------------------------------- ---- ----------   
       CAR                                                                      
----------                                                                      
         4 MINERIA DE DATOS                                   MII           1   
         7                                                                      
                                                                                
         5 INFORMATICA BASICA                                 GII           1   
         7                                                                      
                                                                                
         6 ALGEBRA                                            GII           1   
         1                                                                      
                                                                                

       CAS A                                                  T           CUR   
---------- -------------------------------------------------- ---- ----------   
       CAR                                                                      
----------                                                                      
         7 CALCULO                                            GII           1   
         8                                                                      
                                                                                
         8 OPTIMIZACION                                       GII           1   
         6                                                                      
                                                                                
         9 GESTION DE RIESGOS                                 GII           3   
         4                                                                      
                                                                                

       CAS A                                                  T           CUR   
---------- -------------------------------------------------- ---- ----------   
       CAR                                                                      
----------                                                                      
        10 ASTRONOMIA                                         GF            2   
         3                                                                      
                                                                                
        11 ENSENANZA DE LA MATEMATICA                         GM            2   
         5                                                                      
                                                                                
        12 ANALISIS COMPLEJO                                  GM            4   
         2                                                                      
                                                                                

12 rows selected.

SQL> INSERT INTO VISTA1
  2  VALUES(13,'ESTADISTICA', 'GII', 3,7);

1 row created.

SQL> SELECT *
  2  FROM VISTA1
  3  ;

       CAS A                                                  T           CUR   
---------- -------------------------------------------------- ---- ----------   
       CAR                                                                      
----------                                                                      
        13 ESTADISTICA                                        GII           3   
         7                                                                      
                                                                                
         1 BASES DE DATOS                                     GII           3   
         7                                                                      
                                                                                
         2 INTELIGENCIA ARTIFICIAL                            GII           3   
         4                                                                      
                                                                                

       CAS A                                                  T           CUR   
---------- -------------------------------------------------- ---- ----------   
       CAR                                                                      
----------                                                                      
         3 ALMACENES DE DATOS                                 MII           1   
         7                                                                      
                                                                                
         4 MINERIA DE DATOS                                   MII           1   
         7                                                                      
                                                                                
         5 INFORMATICA BASICA                                 GII           1   
         7                                                                      
                                                                                

       CAS A                                                  T           CUR   
---------- -------------------------------------------------- ---- ----------   
       CAR                                                                      
----------                                                                      
         6 ALGEBRA                                            GII           1   
         1                                                                      
                                                                                
         7 CALCULO                                            GII           1   
         8                                                                      
                                                                                
         8 OPTIMIZACION                                       GII           1   
         6                                                                      
                                                                                

       CAS A                                                  T           CUR   
---------- -------------------------------------------------- ---- ----------   
       CAR                                                                      
----------                                                                      
         9 GESTION DE RIESGOS                                 GII           3   
         4                                                                      
                                                                                
        10 ASTRONOMIA                                         GF            2   
         3                                                                      
                                                                                
        11 ENSENANZA DE LA MATEMATICA                         GM            2   
         5                                                                      
                                                                                

       CAS A                                                  T           CUR   
---------- -------------------------------------------------- ---- ----------   
       CAR                                                                      
----------                                                                      
        12 ANALISIS COMPLEJO                                  GM            4   
         2                                                                      
                                                                                

13 rows selected.

SQL> SELECT *
  2  FROM ASIGNATURA;

       CAS A                                                  T           CUR   
---------- -------------------------------------------------- ---- ----------   
       CAR         CT         CP         CL                                     
---------- ---------- ---------- ----------                                     
        13 ESTADISTICA                                        GII           3   
         7          0          0          0                                     
                                                                                
         1 BASES DE DATOS                                     GII           3   
         7          3        1.5        1.5                                     
                                                                                
         2 INTELIGENCIA ARTIFICIAL                            GII           3   
         4        1.5        1.5          3                                     
                                                                                

       CAS A                                                  T           CUR   
---------- -------------------------------------------------- ---- ----------   
       CAR         CT         CP         CL                                     
---------- ---------- ---------- ----------                                     
         3 ALMACENES DE DATOS                                 MII           1   
         7        1.5          0        1.5                                     
                                                                                
         4 MINERIA DE DATOS                                   MII           1   
         7        1.5          0        1.5                                     
                                                                                
         5 INFORMATICA BASICA                                 GII           1   
         7          3        1.5        1.5                                     
                                                                                

       CAS A                                                  T           CUR   
---------- -------------------------------------------------- ---- ----------   
       CAR         CT         CP         CL                                     
---------- ---------- ---------- ----------                                     
         6 ALGEBRA                                            GII           1   
         1          3          3          0                                     
                                                                                
         7 CALCULO                                            GII           1   
         8          3          3          0                                     
                                                                                
         8 OPTIMIZACION                                       GII           1   
         6          3        1.5        1.5                                     
                                                                                

       CAS A                                                  T           CUR   
---------- -------------------------------------------------- ---- ----------   
       CAR         CT         CP         CL                                     
---------- ---------- ---------- ----------                                     
         9 GESTION DE RIESGOS                                 GII           3   
         4          3          0          3                                     
                                                                                
        10 ASTRONOMIA                                         GF            2   
         3          3        1.5        1.5                                     
                                                                                
        11 ENSENANZA DE LA MATEMATICA                         GM            2   
         5          6          0          0                                     
                                                                                

       CAS A                                                  T           CUR   
---------- -------------------------------------------------- ---- ----------   
       CAR         CT         CP         CL                                     
---------- ---------- ---------- ----------                                     
        12 ANALISIS COMPLEJO                                  GM            4   
         2        4.5          3          0                                     
                                                                                

13 rows selected.

SQL> UPDATE VISTA1
  2  SET CAR=6
  3  WHERE CAS=13;

1 row updated.

SQL> SELECT *
  2  FROM VISTA1
  3  ;

       CAS A                                                  T           CUR   
---------- -------------------------------------------------- ---- ----------   
       CAR                                                                      
----------                                                                      
        13 ESTADISTICA                                        GII           3   
         6                                                                      
                                                                                
         1 BASES DE DATOS                                     GII           3   
         7                                                                      
                                                                                
         2 INTELIGENCIA ARTIFICIAL                            GII           3   
         4                                                                      
                                                                                

       CAS A                                                  T           CUR   
---------- -------------------------------------------------- ---- ----------   
       CAR                                                                      
----------                                                                      
         3 ALMACENES DE DATOS                                 MII           1   
         7                                                                      
                                                                                
         4 MINERIA DE DATOS                                   MII           1   
         7                                                                      
                                                                                
         5 INFORMATICA BASICA                                 GII           1   
         7                                                                      
                                                                                

       CAS A                                                  T           CUR   
---------- -------------------------------------------------- ---- ----------   
       CAR                                                                      
----------                                                                      
         6 ALGEBRA                                            GII           1   
         1                                                                      
                                                                                
         7 CALCULO                                            GII           1   
         8                                                                      
                                                                                
         8 OPTIMIZACION                                       GII           1   
         6                                                                      
                                                                                

       CAS A                                                  T           CUR   
---------- -------------------------------------------------- ---- ----------   
       CAR                                                                      
----------                                                                      
         9 GESTION DE RIESGOS                                 GII           3   
         4                                                                      
                                                                                
        10 ASTRONOMIA                                         GF            2   
         3                                                                      
                                                                                
        11 ENSENANZA DE LA MATEMATICA                         GM            2   
         5                                                                      
                                                                                

       CAS A                                                  T           CUR   
---------- -------------------------------------------------- ---- ----------   
       CAR                                                                      
----------                                                                      
        12 ANALISIS COMPLEJO                                  GM            4   
         2                                                                      
                                                                                

13 rows selected.

SQL> CREATE VIEW VISTA2
  2  AS SELECT DISTINCT DNI,A,T,CUR,CAR
  3  FROM PLAN_DOCENTE NATURAL JOIN VISTA1
  4  ORDER BY DNI;

View created.

SQL> SELECT *
  2  FROM VISTA2;

       DNI A                                                  T           CUR   
---------- -------------------------------------------------- ---- ----------   
       CAR                                                                      
----------                                                                      
      1010 GESTION DE RIESGOS                                 GII           3   
         4                                                                      
                                                                                
      1010 INTELIGENCIA ARTIFICIAL                            GII           3   
         4                                                                      
                                                                                
      1111 OPTIMIZACION                                       GII           1   
         6                                                                      
                                                                                

       DNI A                                                  T           CUR   
---------- -------------------------------------------------- ---- ----------   
       CAR                                                                      
----------                                                                      
      2020 ALMACENES DE DATOS                                 MII           1   
         7                                                                      
                                                                                
      2222 ALMACENES DE DATOS                                 MII           1   
         7                                                                      
                                                                                
      2222 MINERIA DE DATOS                                   MII           1   
         7                                                                      
                                                                                

       DNI A                                                  T           CUR   
---------- -------------------------------------------------- ---- ----------   
       CAR                                                                      
----------                                                                      
      3030 OPTIMIZACION                                       GII           1   
         6                                                                      
                                                                                
      3333 GESTION DE RIESGOS                                 GII           3   
         4                                                                      
                                                                                
      3333 INTELIGENCIA ARTIFICIAL                            GII           3   
         4                                                                      
                                                                                

       DNI A                                                  T           CUR   
---------- -------------------------------------------------- ---- ----------   
       CAR                                                                      
----------                                                                      
      4444 BASES DE DATOS                                     GII           3   
         7                                                                      
                                                                                
      4444 INFORMATICA BASICA                                 GII           1   
         7                                                                      
                                                                                
      4444 MINERIA DE DATOS                                   MII           1   
         7                                                                      
                                                                                

       DNI A                                                  T           CUR   
---------- -------------------------------------------------- ---- ----------   
       CAR                                                                      
----------                                                                      
      5555 ALGEBRA                                            GII           1   
         1                                                                      
                                                                                
      6666 ASTRONOMIA                                         GF            2   
         3                                                                      
                                                                                
      7777 ANALISIS COMPLEJO                                  GM            4   
         2                                                                      
                                                                                

       DNI A                                                  T           CUR   
---------- -------------------------------------------------- ---- ----------   
       CAR                                                                      
----------                                                                      
      8888 ENSENANZA DE LA MATEMATICA                         GM            2   
         5                                                                      
                                                                                
      9999 CALCULO                                            GII           1   
         8                                                                      
                                                                                

17 rows selected.

SQL> UPDATE VISTA2
  2  SET A='MODIFICADO'
  3  WHERE DNI=3333;
UPDATE VISTA2
       *
ERROR at line 1:
ORA-01732: data manipulation operation not legal on this view 


SQL> UPDATE VISTA2
  2  SET A='MODIFICADO'
  3  WHERE DNI=9999;
UPDATE VISTA2
       *
ERROR at line 1:
ORA-01732: data manipulation operation not legal on this view 


SQL> DESCRIBE VISTA2;
 Name                                      Null?    Type
 ----------------------------------------- -------- ----------------------------
 DNI                                       NOT NULL NUMBER(8)
 A                                         NOT NULL VARCHAR2(50)
 T                                         NOT NULL CHAR(4)
 CUR                                                NUMBER(1)
 CAR                                                NUMBER(3)

SQL> DROP VIEW VISTA1;

View dropped.

SQL> SELECT *
  2  FROM VISTA2;
FROM VISTA2
     *
ERROR at line 2:
ORA-04063: view "ALU0100886764.VISTA2" has errors 


SQL> ROLLBACK
  2  ;

Rollback complete.

SQL> SELECT * FROM VISTA1;
SELECT * FROM VISTA1
              *
ERROR at line 1:
ORA-00942: table or view does not exist 


SQL> CREATE INDEX INDICE1
  2  ON PROFESOR(P);

Index created.

SQL> SELECT DNI
  2  FROM PROFESOR
  3  WHERE P='JUAN';

       DNI                                                                      
----------                                                                      
      1111                                                                      

SQL> DROP INDEX INDICE1;

Index dropped.

SQL> CREATE INDEX INDICE2
  2  ON VISTA1 (CAR);
ON VISTA1 (CAR)
   *
ERROR at line 2:
ORA-00942: table or view does not exist 


SQL> CREATE VIEW VISTA1
  2  AS SELECT CAS,A,T,CUR,CAR
  3  FROM ASIGNATURA;

View created.

SQL> CREATE INDEX INDICE2
  2  ON VISTA1(CAR);
ON VISTA1(CAR)
   *
ERROR at line 2:
ORA-01702: a view is not appropriate here 


SQL> GRANT SELECT ON DEPARTAMENTO TO alumno;

Grant succeeded.

SQL> GRANT SELECT ON AREA TO alumno;

Grant succeeded.

SQL> GRANT SELECT ON ASIGNATURA TO alumno;

Grant succeeded.

SQL> GRANT SELECT ON TITULACION TO alumno;

Grant succeeded.

SQL> GRANT INSERT,UPDATE,DELETE
  2  ON DEPARTAMENTO
  3  TO alumno;

Grant succeeded.

SQL> GRANT INSERT,UPDATE,DELETE
  2  ON AREA
  3  TO alumno;

Grant succeeded.

SQL> GRANT UPDATE
  2  ON ASIGNATURA
  3  TO alumno;

Grant succeeded.

SQL> GRANT UPDATE
  2  ON TITULACION
  3  TO alumno;

Grant succeeded.

SQL> COMMIT WORK;

Commit complete.

SQL> CONNECT alumno
ERROR:
ORA-12162: TNS:net service name is incorrectly specified 


Warning: You are no longer connected to ORACLE.
SQL> CONNECT alumno
Connected.
SQL> SELECT *
  2  FROM alu0100886764.DEPARTAMENTO;

        CD D                                                                    
---------- ------------------------------------------------------------         
         1 ANALISIS MATEMATICO                                                  
         2 ASTROFISICA                                                          
         3 ESTADISTICA, INVESTIGACION OPERATIVA Y COMPUTACION                   
         4 MATEMATICA FUNDAMENTAL                                               

SQL> SELECT *
  2  FROM alu0100886764.PROFESOR;
FROM alu0100886764.PROFESOR
                   *
ERROR at line 2:
ORA-00942: table or view does not exist 


SQL> INSERT INTO alu0100886764.DEPARTAMENTO
  2  VALUES(5,'ECONOMIA');

1 row created.

SQL> UPDATE alu0100886764.DEPARTAMENTO
  2  SET D='ECONOMIA APLICADA'
  3  WHERE CD=5;

1 row updated.

SQL> UPDATE alu0100886764.TITULACION
  2  SET FAC='ETSII'
  3  WHERE T='GII'
  4  ;

1 row updated.

SQL> DELETE FROM alu0100886764.TITULACION
  2  WHERE T='GII';
DELETE FROM alu0100886764.TITULACION
                          *
ERROR at line 1:
ORA-01031: insufficient privileges 


SQL> ROLLBACK WORK;

Rollback complete.

SQL> CREATE VIEW VISTA3
  2  AS SELECT DISTINCT A, CAR
  3  FROM alu0100886764.ASIGNATURA;

View created.

SQL> SELECT *
  2  FROM VISTA3;

A                                                         CAR                   
-------------------------------------------------- ----------                   
INTELIGENCIA ARTIFICIAL                                     4                   
INFORMATICA BASICA                                          7                   
ANALISIS COMPLEJO                                           2                   
ALGEBRA                                                     1                   
ASTRONOMIA                                                  3                   
ENSENANZA DE LA MATEMATICA                                  5                   
ALMACENES DE DATOS                                          7                   
GESTION DE RIESGOS                                          4                   
BASES DE DATOS                                              7                   
MINERIA DE DATOS                                            7                   
CALCULO                                                     8                   

A                                                         CAR                   
-------------------------------------------------- ----------                   
OPTIMIZACION                                                6                   
ESTADISTICA                                                 6                   

13 rows selected.

SQL> DROP VIEW VISTA3;

View dropped.

SQL> DROP TABLE alu0100886764.ASIGNATURA;
DROP TABLE alu0100886764.ASIGNATURA
                         *
ERROR at line 1:
ORA-01031: insufficient privileges 


SQL> CONNECT alu0100886764
ERROR:
ORA-12162: TNS:net service name is incorrectly specified 


Warning: You are no longer connected to ORACLE.
SQL> CONNECT alu0100886764
Connected.
SQL> REVOKE ALL
  2  ON DEPARTAMENTO
  3  FROM alumno;

Revoke succeeded.

SQL> REVOKE ALL
  2  ON AREA
  3  FROM alumno;

Revoke succeeded.

SQL> REVOKE ALL
  2  ON ASIGNATURA
  3  FROM alumno;

Revoke succeeded.

SQL> REVOKE ALL
  2  ON TITULACION
  3  FROM alumno;

Revoke succeeded.

SQL> SPOOL OFF
